// Jest Snapshot v1, https://goo.gl/fbAQLP

exports[`react-test-renderer can match a snapshot 1`] = `<div />`;
